src/App.tsx(167,30): error TS2552: Cannot find name 'RouteStats'. Did you mean 'RTCStats'?
src/App.tsx(177,17): error TS2304: Cannot find name 'lastTotalDistance'.
src/services/queueService.ts(1,48): error TS2307: Cannot find module 'idb' or its corresponding type declarations.
